Microsoft Windows [Version 10.0.19042.630]
(c) Корпорация Майкрософт (Microsoft Corporation), 2020. Все права защищены.

C:\Users\Иван>cd "D:\Сесія_весна_2026 Сертифікати зроблене завдання\зроблені завдання 2026\СЕРТИФИКАТИ\Hello MQTT\Новая папка (2)\mqtt_project"

C:\Users\Иван>cd "C:\Users\Иван\Desktop\mqtt_project"

C:\Users\Иван\Desktop\mqtt_project>dir
 Том в устройстве C имеет метку Windows 10 Compact
 Серийный номер тома: E8D3-737C

 Содержимое папки C:\Users\Иван\Desktop\mqtt_project

23.04.2026  14:08    <DIR>          .
23.04.2026  14:08    <DIR>          ..
23.04.2026  14:08    <DIR>          broker
23.04.2026  11:48               227 docker-compose.yml
23.04.2026  14:08    <DIR>          web_demo
               1 файлов            227 байт
               4 папок   1 450 459 136 байт свободно

C:\Users\Иван\Desktop\mqtt_project>git init
Initialized empty Git repository in C:/Users/Иван/Desktop/mqtt_project/.git/

C:\Users\Иван\Desktop\mqtt_project>git add .
warning: in the working copy of 'broker/mosquitto.conf', LF will be replaced by CRLF the next time Git touches it
warning: in the working copy of 'docker-compose.yml', LF will be replaced by CRLF the next time Git touches it
warning: in the working copy of 'web_demo/pub.html', LF will be replaced by CRLF the next time Git touches it
warning: in the working copy of 'web_demo/sub.html', LF will be replaced by CRLF the next time Git touches it

C:\Users\Иван\Desktop\mqtt_project>git commit -m "MQTT project"
Author identity unknown

*** Please tell me who you are.

Run

  git config --global user.email "you@example.com"
  git config --global user.name "Your Name"

to set your account's default identity.
Omit --global to set the identity only in this repository.

fatal: unable to auto-detect email address (got 'Иван@.(none)')

C:\Users\Иван\Desktop\mqtt_project>git config --global user.name "Olga"

C:\Users\Иван\Desktop\mqtt_project>git config --global user.email "olgaippolitova917@gmail.com"

C:\Users\Иван\Desktop\mqtt_project>git config --global --list
user.name=Olga
user.email=olgaippolitova917@gmail.com

C:\Users\Иван\Desktop\mqtt_project>git add .

C:\Users\Иван\Desktop\mqtt_project>git commit -m "initial commit"
[master (root-commit) 06070d3] initial commit
 4 files changed, 64 insertions(+)
 create mode 100644 broker/mosquitto.conf
 create mode 100644 docker-compose.yml
 create mode 100644 web_demo/pub.html
 create mode 100644 web_demo/sub.html

C:\Users\Иван\Desktop\mqtt_project>git status
On branch master
nothing to commit, working tree clean

C:\Users\Иван\Desktop\mqtt_project>git remote add origin https://github.com/ТВІЙ_ЛОГІН/mqtt_project_3201.git

C:\Users\Иван\Desktop\mqtt_project>git branch -M main

C:\Users\Иван\Desktop\mqtt_project>git push -u origin main
remote: Repository not found.
fatal: repository 'https://github.com/ТВІЙ_ЛОГІН/mqtt_project_3201.git/' not found

C:\Users\Иван\Desktop\mqtt_project>git remote add origin https://github.com/olgaippolitova/mqtt_project_3201.git
error: remote origin already exists.

C:\Users\Иван\Desktop\mqtt_project>git remote -v
origin  https://github.com/ТВІЙ_ЛОГІН/mqtt_project_3201.git (fetch)
origin  https://github.com/ТВІЙ_ЛОГІН/mqtt_project_3201.git (push)

C:\Users\Иван\Desktop\mqtt_project>git remote remove origin

C:\Users\Иван\Desktop\mqtt_project>git remote add origin https://github.com/olgaippolitova/mqtt_project_3201.git

C:\Users\Иван\Desktop\mqtt_project>git remote -v
origin  https://github.com/olgaippolitova/mqtt_project_3201.git (fetch)
origin  https://github.com/olgaippolitova/mqtt_project_3201.git (push)

C:\Users\Иван\Desktop\mqtt_project>git branch -M main

C:\Users\Иван\Desktop\mqtt_project>git push -u origin main
info: please complete authentication in your browser...
remote: Repository not found.
fatal: repository 'https://github.com/olgaippolitova/mqtt_project_3201.git/' not found

C:\Users\Иван\Desktop\mqtt_project>git push -u origin main
info: please complete authentication in your browser...
remote: Repository not found.
fatal: repository 'https://github.com/olgaippolitova/mqtt_project_3201.git/' not found

C:\Users\Иван\Desktop\mqtt_project>git push -u origin main
fatal: User cancelled dialog.
Username for 'https://github.com': git push -u origin main
Password for 'https://git%20push%20-u%20origin%20main@github.com':
remote: Invalid username or token. Password authentication is not supported for Git operations.
fatal: Authentication failed for 'https://github.com/olgaippolitova/mqtt_project_3201.git/'

C:\Users\Иван\Desktop\mqtt_project>
C:\Users\Иван\Desktop\mqtt_project>
C:\Users\Иван\Desktop\mqtt_project>
C:\Users\Иван\Desktop\mqtt_project>
C:\Users\Иван\Desktop\mqtt_project>
C:\Users\Иван\Desktop\mqtt_project>
C:\Users\Иван\Desktop\mqtt_project>
C:\Users\Иван\Desktop\mqtt_project>git config --global --unset credential.helper

C:\Users\Иван\Desktop\mqtt_project>git push -u origin main
info: please complete authentication in your browser...
Enumerating objects: 8, done.
Counting objects: 100% (8/8), done.
Delta compression using up to 4 threads
Compressing objects: 100% (7/7), done.
Writing objects: 100% (8/8), 1.24 KiB | 1.24 MiB/s, done.
Total 8 (delta 0), reused 0 (delta 0), pack-reused 0 (from 0)
To https://github.com/olgaippolitova/mqtt_project_3201.git
 * [new branch]      main -> main
branch 'main' set up to track 'origin/main'.

C:\Users\Иван\Desktop\mqtt_project>git remote remove origin

C:\Users\Иван\Desktop\mqtt_project>git remote add origin https://github.com/PIS-VITI-22/pz-MQTT.git

C:\Users\Иван\Desktop\mqtt_project>git remote -v
origin  https://github.com/PIS-VITI-22/pz-MQTT.git (fetch)
origin  https://github.com/PIS-VITI-22/pz-MQTT.git (push)

C:\Users\Иван\Desktop\mqtt_project>git config --global user.email "ippolitovaolga14@gmail.com"

C:\Users\Иван\Desktop\mqtt_project>git config --global user.name "Olga"

C:\Users\Иван\Desktop\mqtt_project>git branch -M maingit push -u origin main
usage: git branch [<options>] [-r | -a] [--merged] [--no-merged]
   or: git branch [<options>] [-f] [--recurse-submodules] <branch-name> [<start-point>]
   or: git branch [<options>] [-l] [<pattern>...]
   or: git branch [<options>] [-r] (-d | -D) <branch-name>...
   or: git branch [<options>] (-m | -M) [<old-branch>] <new-branch>
   or: git branch [<options>] (-c | -C) [<old-branch>] <new-branch>
   or: git branch [<options>] [-r | -a] [--points-at]
   or: git branch [<options>] [-r | -a] [--format]

Generic options
    -v, --[no-]verbose    show hash and subject, give twice for upstream branch
    -q, --[no-]quiet      suppress informational messages
    -t, --[no-]track[=(direct|inherit)]
                          set branch tracking configuration
    -u, --[no-]set-upstream-to <upstream>
                          change the upstream info
    --[no-]unset-upstream unset the upstream info
    --[no-]color[=<when>] use colored output
    -r, --remotes         act on remote-tracking branches
    --contains <commit>   print only branches that contain the commit
    --no-contains <commit>
                          print only branches that don't contain the commit
    --[no-]abbrev[=<n>]   use <n> digits to display object names

Specific git-branch actions:
    -a, --all             list both remote-tracking and local branches
    -d, --[no-]delete     delete fully merged branch
    -D                    delete branch (even if not merged)
    -m, --[no-]move       move/rename a branch and its reflog
    -M                    move/rename a branch, even if target exists
    --[no-]omit-empty     do not output a newline after empty formatted refs
    -c, --[no-]copy       copy a branch and its reflog
    -C                    copy a branch, even if target exists
    -l, --[no-]list       list branch names
    --[no-]show-current   show current branch name
    --[no-]create-reflog  create the branch's reflog
    --[no-]edit-description
                          edit the description for the branch
    -f, --[no-]force      force creation, move/rename, deletion
    --merged <commit>     print only branches that are merged
    --no-merged <commit>  print only branches that are not merged
    --[no-]column[=<style>]
                          list branches in columns
    --[no-]sort <key>     field name to sort on
    --[no-]points-at <object>
                          print only branches of the object
    -i, --[no-]ignore-case
                          sorting and filtering are case insensitive
    --[no-]recurse-submodules
                          recurse through submodules
    --[no-]format <format>
                          format to use for the output


C:\Users\Иван\Desktop\mqtt_project>git branch -M main

C:\Users\Иван\Desktop\mqtt_project>git push -u origin main
remote: Permission to PIS-VITI-22/pz-MQTT.git denied to olgaippolitova.
fatal: unable to access 'https://github.com/PIS-VITI-22/pz-MQTT.git/': The requested URL returned error: 403

C:\Users\Иван\Desktop\mqtt_project>










